###############################################################################
#
# IAR ELF Linker V7.20.2.7424/W32 for ARM                 21/Sep/2014  18:47:07
# Copyright 2007-2014 IAR Systems AB.
#
#    Output file  =  
#        F:\Nghia\Lap trinh he thong
#        nhung\ware\boards\ek-lm3s8962\blinky\ewarm\Exe\blinky.out
#    Map file     =  
#        F:\Nghia\Lap trinh he thong
#        nhung\ware\boards\ek-lm3s8962\blinky\ewarm\List\blinky.map
#    Command line =  
#        "F:\Nghia\Lap trinh he thong
#        nhung\ware\boards\ek-lm3s8962\blinky\ewarm\Obj\blinky.o" "F:\Nghia\Lap
#        trinh he thong
#        nhung\ware\boards\ek-lm3s8962\blinky\ewarm\Obj\startup_ewarm.o"
#        --redirect _Printf=_PrintfTiny --redirect _Scanf=_ScanfSmall -o
#        "F:\Nghia\Lap trinh he thong
#        nhung\ware\boards\ek-lm3s8962\blinky\ewarm\Exe\blinky.out" --map
#        "F:\Nghia\Lap trinh he thong
#        nhung\ware\boards\ek-lm3s8962\blinky\ewarm\List\blinky.map" --config
#        "F:\Nghia\Lap trinh he thong
#        nhung\ware\boards\ek-lm3s8962\blinky\blinky.icf" --semihosting --entry
#        __iar_program_start --vfe
#
###############################################################################

*******************************************************************************
*** RUNTIME MODEL ATTRIBUTES
***

CppFlavor       = *
__SystemLibrary = DLib


*******************************************************************************
*** PLACEMENT SUMMARY
***

"A1":  place at start of [0x00000000-0x0003ffff] { ro section .intvec };
"P1":  place in [from 0x00000000 to 0x0003ffff] { ro };
"P2":  place in [from 0x20000000 to 0x2000ffff] { rw, block HEAP };

  Section  Kind        Address   Size  Object
  -------  ----        -------   ----  ------
"A1":                            0xf0
  .intvec  const    0x00000000   0xf0  startup_ewarm.o [1]
                  - 0x000000f0   0xf0

"P1":                            0xb0
  .text    ro code  0x000000f0   0x5c  blinky.o [1]
  .text    ro code  0x0000014c   0x1a  cmain.o [4]
  .text    ro code  0x00000166    0x4  low_level_init.o [3]
  .text    ro code  0x0000016a    0x4  exit.o [3]
  .text    ro code  0x0000016e    0x6  startup_ewarm.o [1]
  .text    ro code  0x00000174    0xa  cexit.o [4]
  .text    ro code  0x00000180   0x14  exit.o [5]
  .text    ro code  0x00000194    0xc  cstartup_M.o [4]
                  - 0x000001a0   0xb0

"P2":                           0x100
  .noinit  uninit   0x20000000  0x100  startup_ewarm.o [1]
                  - 0x20000100  0x100



*******************************************************************************
*** MODULE SUMMARY
***

    Module            ro code  ro data  rw data
    ------            -------  -------  -------
F:\Nghia\Lap trinh he thong nhung\ware\boards\ek-lm3s8962\blinky\ewarm\Obj: [1]
    blinky.o               92
    startup_ewarm.o         6      240      256
    -------------------------------------------
    Total:                 98      240      256

command line: [2]
    -------------------------------------------
    Total:

dl7M_tln.a: [3]
    exit.o                  4
    low_level_init.o        4
    -------------------------------------------
    Total:                  8

rt7M_tl.a: [4]
    cexit.o                10
    cmain.o                26
    cstartup_M.o           12
    -------------------------------------------
    Total:                 48

shb_l.a: [5]
    exit.o                 20
    -------------------------------------------
    Total:                 20

    Gaps                    2
-----------------------------------------------
    Grand Total:          176      240      256


*******************************************************************************
*** ENTRY LIST
***

Entry                    Address   Size  Type      Object
-----                    -------   ----  ----      ------
?main                 0x0000014d         Code  Gb  cmain.o [4]
FaultISR              0x00000171    0x2  Code  Lc  startup_ewarm.o [1]
IntDefaultHandler     0x00000173    0x2  Code  Lc  startup_ewarm.o [1]
NmiSR                 0x0000016f    0x2  Code  Lc  startup_ewarm.o [1]
Region$$Table$$Base   0x00000000          --   Gb  - Linker created -
Region$$Table$$Limit  0x00000000          --   Gb  - Linker created -
__as_entries_start    0xffffffff          --   Gb  command line/config [2]
__as_table_start      0xffffffff          --   Gb  command line/config [2]
__cmain               0x0000014d         Code  Gb  cmain.o [4]
__exit                0x00000181   0x14  Code  Gb  exit.o [5]
__iar_program_start   0x00000195         Code  Gb  cstartup_M.o [4]
__low_level_init      0x00000167    0x4  Code  Gb  low_level_init.o [3]
__vector_table        0x00000000   0xf0  Data  Gb  startup_ewarm.o [1]
_call_main            0x00000159         Code  Gb  cmain.o [4]
_exit                 0x00000175         Code  Gb  cexit.o [4]
_main                 0x00000163         Code  Gb  cmain.o [4]
exit                  0x0000016b    0x4  Code  Gb  exit.o [3]
main                  0x000000f1   0x5c  Code  Gb  blinky.o [1]
pulStack              0x20000000  0x100  Data  Lc  startup_ewarm.o [1]


[1] = F:\Nghia\Lap trinh he thong nhung\ware\boards\ek-lm3s8962\blinky\ewarm\Obj
[2] = command line
[3] = dl7M_tln.a
[4] = rt7M_tl.a
[5] = shb_l.a

  176 bytes of readonly  code memory
  240 bytes of readonly  data memory
  256 bytes of readwrite data memory

Errors: none
Warnings: none
